HTTP/1.1 503 Service Unavailable
X-Powered-By: Express
Vary: Origin
Access-Control-Allow-Credentials: true
Content-Type: application/json; charset=utf-8
Content-Length: 287
ETag: W/"11f-iibUtKvRMn59+f9WGnOofIzBucs"
Date: Sun, 01 Mar 2026 20:28:19 GMT
Connection: keep-alive
Keep-Alive: timeout=5

{"ok":false,"mode":"degraded","error":"Server misconfigured","missing_env":["SUPABASE_URL","SUPABASE_SERVICE_ROLE_KEY","DATABASE_URL"],"env":{"SUPABASE_URL":"missing","SUPABASE_SERVICE_ROLE_KEY":"missing","DATABASE_URL":"missing","VITE_SUPABASE_URL":"missing","VITE_API_BASE":"missing"}}
HTTP/1.1 503 Service Unavailable
X-Powered-By: Express
Vary: Origin
Access-Control-Allow-Credentials: true
Content-Type: application/json; charset=utf-8
Content-Length: 117
ETag: W/"75-aYeuCKgCYY+awJIEruW0nBKNpEM"
Date: Sun, 01 Mar 2026 20:28:19 GMT
Connection: keep-alive
Keep-Alive: timeout=5

{"ok":false,"error":"Server misconfigured","missing_env":["SUPABASE_URL","SUPABASE_SERVICE_ROLE_KEY","DATABASE_URL"]}
HTTP/1.1 503 Service Unavailable
X-Powered-By: Express
Vary: Origin
Access-Control-Allow-Credentials: true
Content-Type: application/json; charset=utf-8
Content-Length: 287
ETag: W/"11f-iibUtKvRMn59+f9WGnOofIzBucs"
Date: Sun, 01 Mar 2026 20:28:24 GMT
Connection: keep-alive
Keep-Alive: timeout=5

{"ok":false,"mode":"degraded","error":"Server misconfigured","missing_env":["SUPABASE_URL","SUPABASE_SERVICE_ROLE_KEY","DATABASE_URL"],"env":{"SUPABASE_URL":"missing","SUPABASE_SERVICE_ROLE_KEY":"missing","DATABASE_URL":"missing","VITE_SUPABASE_URL":"missing","VITE_API_BASE":"missing"}}
